// Jest Snapshot v1, https://goo.gl/fbAQLP

exports[`Prueba en GifItem should match with snapshot 1`] = `
<div>
  <div
    class="card"
  >
    <img
      alt="title"
      src="https://dosods.com"
    />
    <p>
      title
    </p>
  </div>
</div>
`;
